
> build
> vite build && vite build --ssr

[36mvite v8.0.3 [32mbuilding client environment for production...[36m[39m
[2K
transforming...โ“ 800 modules transformed.
rendering chunks...
computing gzip size...
public/build/manifest.json                                     11.10 kB โ” gzip:  1.32 kB
public/build/assets/CheckInOut-B9ypZ-xA.css                     0.08 kB โ” gzip:  0.08 kB
public/build/assets/Index-APF_vHdr.css                          0.23 kB โ” gzip:  0.17 kB
public/build/assets/app-KAlVHsFQ.css                           76.28 kB โ” gzip: 12.50 kB
public/build/assets/_plugin-vue_export-helper-CSBScHBl.js       0.08 kB โ” gzip:  0.09 kB
public/build/assets/InputError-CRJ4jtbP.js                      0.28 kB โ” gzip:  0.23 kB
public/build/assets/GuestLayout-BygGbTKB.js                     0.59 kB โ” gzip:  0.41 kB
public/build/assets/PrimaryButton-JSMDU3pg.js                   0.67 kB โ” gzip:  0.41 kB
public/build/assets/Dashboard-BEo9N0f0.js                       0.68 kB โ” gzip:  0.43 kB
public/build/assets/Pagination-DzZheMNC.js                      0.80 kB โ” gzip:  0.48 kB
public/build/assets/TextInput-Dr-Zl_Ua.js                       0.97 kB โ” gzip:  0.54 kB
public/build/assets/Edit-CXexz-tz.js                            1.14 kB โ” gzip:  0.60 kB
public/build/assets/ConfirmPassword-DzHyhwrZ.js                 1.29 kB โ” gzip:  0.74 kB
public/build/assets/ForgotPassword-mK5IkrrX.js                  1.49 kB โ” gzip:  0.84 kB
public/build/assets/VerifyEmail-DivEW1Oh.js                     1.61 kB โ” gzip:  0.89 kB
public/build/assets/ResetPassword-Sdp875kH.js                   2.00 kB โ” gzip:  0.80 kB
public/build/assets/Supervisor-mEr1OJhA.js                      2.06 kB โ” gzip:  0.99 kB
public/build/assets/Register-D3GcAEmq.js                        2.54 kB โ” gzip:  0.95 kB
public/build/assets/UpdatePasswordForm-CLoC0T6s.js              2.58 kB โ” gzip:  0.99 kB
public/build/assets/UpdateProfileInformationForm-DJRoKJzY.js    2.71 kB โ” gzip:  1.22 kB
public/build/assets/Login-ChqYRyYf.js                           2.85 kB โ” gzip:  1.26 kB
public/build/assets/ApplicationLogo-xjXwMY_k.js                 3.24 kB โ” gzip:  1.45 kB
public/build/assets/History-D7KlDzdT.js                         4.83 kB โ” gzip:  1.89 kB
public/build/assets/DeleteUserForm-BAwwOV1j.js                  5.31 kB โ” gzip:  2.13 kB
public/build/assets/Create-IwOyvVgy.js                          6.00 kB โ” gzip:  2.34 kB
public/build/assets/Admin-kL_Tkqvb.js                           6.11 kB โ” gzip:  1.69 kB
public/build/assets/Index-BzZhw3Gs.js                           6.43 kB โ” gzip:  2.63 kB
public/build/assets/Index-BD4ylsbP.js                           6.53 kB โ” gzip:  2.56 kB
public/build/assets/Index-BU1shlT7.js                           7.38 kB โ” gzip:  2.80 kB
public/build/assets/AuthenticatedLayout-Clk81ad-.js             7.81 kB โ” gzip:  2.50 kB
public/build/assets/Index-BPv8lucw.js                           9.07 kB โ” gzip:  3.02 kB
public/build/assets/Employee-B2dXafaX.js                       11.08 kB โ” gzip:  3.44 kB
public/build/assets/Create-UkoPKHnI.js                         11.13 kB โ” gzip:  3.05 kB
public/build/assets/CheckInOut-CJtAZH1L.js                     13.71 kB โ” gzip:  4.87 kB
public/build/assets/Welcome-CXTvXzHA.js                        18.65 kB โ” gzip:  6.17 kB
public/build/assets/app-zBIhYCmt.js                           274.68 kB โ” gzip: 95.11 kB

[32mโ“ built in 2.50s[39m
[36mvite v8.0.3 [32mbuilding ssr environment for production...[36m[39m
[2K
transforming...โ“ 50 modules transformed.
rendering chunks...
computing gzip size...
bootstrap/ssr/ssr-manifest.json                                 4.99 kB โ” gzip: 1.03 kB
bootstrap/ssr/assets/_plugin-vue_export-helper-jrA-gPFe.js      0.26 kB โ” gzip: 0.18 kB
bootstrap/ssr/assets/InputError-DLjxl2Th.js                     0.88 kB โ” gzip: 0.49 kB
bootstrap/ssr/assets/PrimaryButton-BOYYCJ_Z.js                  1.40 kB โ” gzip: 0.67 kB
bootstrap/ssr/assets/Pagination-Cv_QuC6J.js                     1.51 kB โ” gzip: 0.74 kB
bootstrap/ssr/assets/GuestLayout-DSxtuVGa.js                    1.59 kB โ” gzip: 0.77 kB
bootstrap/ssr/assets/Dashboard-r6E2acbt.js                      1.98 kB โ” gzip: 0.79 kB
bootstrap/ssr/assets/TextInput-BO2vHGAy.js                      2.38 kB โ” gzip: 0.91 kB
bootstrap/ssr/assets/Edit-BdMWl3eI.js                           3.17 kB โ” gzip: 1.00 kB
bootstrap/ssr/assets/UpdatePasswordForm-BhUeRw2F.js             3.80 kB โ” gzip: 1.14 kB
bootstrap/ssr/assets/ApplicationLogo-B_ee1Ukd.js                3.89 kB โ” gzip: 1.74 kB
bootstrap/ssr/assets/ConfirmPassword-rf6uaIpw.js                4.08 kB โ” gzip: 1.26 kB
bootstrap/ssr/assets/UpdateProfileInformationForm-DJfqI5du.js   4.19 kB โ” gzip: 1.49 kB
bootstrap/ssr/assets/VerifyEmail-BLMdgdye.js                    4.64 kB โ” gzip: 1.44 kB
bootstrap/ssr/assets/ForgotPassword-DNR3YDoP.js                 4.71 kB โ” gzip: 1.44 kB
bootstrap/ssr/assets/Supervisor-Do7F0OmB.js                     5.12 kB โ” gzip: 1.53 kB
bootstrap/ssr/assets/ResetPassword-Cci283Ls.js                  6.70 kB โ” gzip: 1.40 kB
bootstrap/ssr/assets/Register-BCX3_fsS.js                       8.71 kB โ” gzip: 1.60 kB
bootstrap/ssr/assets/Login-_R8vATwz.js                          9.00 kB โ” gzip: 2.19 kB
bootstrap/ssr/assets/DeleteUserForm-DIZRB2d1.js                11.13 kB โ” gzip: 2.91 kB
bootstrap/ssr/assets/History-CrzLPwS3.js                       12.52 kB โ” gzip: 2.93 kB
bootstrap/ssr/assets/AuthenticatedLayout-WnohDOmt.js           14.88 kB โ” gzip: 3.20 kB
bootstrap/ssr/assets/Index-0lN2KX5C.js                         16.21 kB โ” gzip: 3.71 kB
bootstrap/ssr/assets/Admin-DUZ0Y0ew.js                         16.21 kB โ” gzip: 2.54 kB
bootstrap/ssr/assets/Create-DqGq8fJo.js                        16.36 kB โ” gzip: 3.58 kB
bootstrap/ssr/assets/Index-DoD_eMac.js                         17.03 kB โ” gzip: 4.04 kB
bootstrap/ssr/assets/Index-v90QK-CL.js                         18.54 kB โ” gzip: 3.93 kB
bootstrap/ssr/assets/Welcome-D1d5zEop.js                       19.51 kB โ” gzip: 6.29 kB
bootstrap/ssr/assets/Index-CvdHQQSa.js                         23.02 kB โ” gzip: 4.28 kB
bootstrap/ssr/assets/Employee-Bc6NILH6.js                      29.01 kB โ” gzip: 4.94 kB
bootstrap/ssr/ssr.js                                           29.65 kB โ” gzip: 9.14 kB
bootstrap/ssr/assets/CheckInOut-BHEOKTMP.js                    30.22 kB โ” gzip: 6.60 kB
bootstrap/ssr/assets/Create-D6TC0uqJ.js                        31.05 kB โ” gzip: 4.67 kB

[32mโ“ built in 1.16s[39m
